git status
On branch abnawaz/assignemnt
Your branch is up-to-date with 'origin/abnawaz/assignemnt'.
Changes not staged for commit:
  (use "git add <file>..." to update what will be committed)
  (use "git checkout -- <file>..." to discard changes in working directory)

	[31mmodified:   assignment1.R[m

no changes added to commit (use "git add" and/or "git commit -a")
]0;~/Documents/projects/machine-learning-labs/machine-learning-lab1Rabnawazs-MacBook-Pro:machine-learning-lab1 rabnawaz$ gir [K[Kt add .
]0;~/Documents/projects/machine-learning-labs/machine-learning-lab1Rabnawazs-MacBook-Pro:machine-learning-lab1 rabnawaz$ git commit -m 'assignemnt last part remaining '
[abnawaz/assignemnt c1d1b34] assignemnt last part remaining
 Committer: Rabnawaz <rabnawaz@Rabnawazs-MacBook-Pro.local>
Your name and email address were configured automatically based
on your username and hostname. Please check that they are accurate.
You can suppress this message by setting them explicitly. Run the
following command and follow the instructions in your editor to edit
your configuration file:

    git config --global --edit

After doing this, you may fix the identity used for this commit with:

    git commit --amend --reset-author

 1 file changed, 2 insertions(+)
]0;~/Documents/projects/machine-learning-labs/machine-learning-lab1Rabnawazs-MacBook-Pro:machine-learning-lab1 rabnawaz$ git push ri[K[Korigin mas[K[K[K[K[K[K[K[K[K[K[K[K[K[K[K[K[K[K[K
]0;~/Documents/projects/machine-learning-labs/machine-learning-lab1Rabnawazs-MacBook-Pro:machine-learning-lab1 rabnawaz$ 
]0;~/Documents/projects/machine-learning-labs/machine-learning-lab1Rabnawazs-MacBook-Pro:machine-learning-lab1 rabnawaz$ 
]0;~/Documents/projects/machine-learning-labs/machine-learning-lab1Rabnawazs-MacBook-Pro:machine-learning-lab1 rabnawaz$ 
]0;~/Documents/projects/machine-learning-labs/machine-learning-lab1Rabnawazs-MacBook-Pro:machine-learning-lab1 rabnawaz$ 
]0;~/Documents/projects/machine-learning-labs/machine-learning-lab1Rabnawazs-MacBook-Pro:machine-learning-lab1 rabnawaz$ git branch
  abnawaz/assignemnt[m
* [32mmaster[m
[KRabnawazs-MacBook-Pro:machine-learning-lab1 rabnawaz$ git status
On branch rabnawaz/assignment4
nothing to commit, working tree clean
]0;~/Documents/projects/machine-learning-labs/machine-learning-lab1Rabnawazs-MacBook-Pro:machine-learning-lab1 rabnawaz$ git checkout saman/assignment
Switched to branch 'saman/assignment'
Your branch is up-to-date with 'origin/saman/assignment'.
]0;~/Documents/projects/machine-learning-labs/machine-learning-lab1Rabnawazs-MacBook-Pro:machine-learning-lab1 rabnawaz$ [KRabnawazs-MacBook-Pro:machine-learning-lab1 rabnawaz$ git [K add [K[K[K[K[K[K[K[Kgit checkout
Your branch is up-to-date with 'origin/saman/assignment'.
]0;~/Documents/projects/machine-learning-labs/machine-learning-lab1Rabnawazs-MacBook-Pro:machine-learning-lab1 rabnawaz$ git checkout [K saman/assignment[K[K[K[K[K[K[K[K[K[K[K[K[K[K[K[K[K abnawaz
error: pathspec 'abnawaz' did not match any file(s) known to git.
]0;~/Documents/projects/machine-learning-labs/machine-learning-lab1Rabnawazs-MacBook-Pro:machine-learning-lab1 rabnawaz$ git checkout abnawaz/assigm[K[Kgnment
error: pathspec 'abnawaz/assignment' did not match any file(s) known to git.
[KRabnawazs-MacBook-Pro:machine-learning-lab1 rabnawaz$ git branch
  abnawaz/assignemnt[m
* [32mmaster[m
  rabnawaz/assignment3[m
  rabnawaz/assignment4[m
  rabnawaz/rmarkdown[m
  saman/assignment[m
]0;~/Documents/projects/machine-learning-labs/machine-learning-lab1Rabnawazs-MacBook-Pro:machine-learning-lab1 rabnawaz$ 